mode: set
github.com/alvii147/lobo/errfmt/format.go:15.43,19.2 2 1
github.com/alvii147/lobo/errfmt/format.go:23.27,31.2 6 1
github.com/alvii147/lobo/errfmt/format.go:34.49,36.29 2 1
github.com/alvii147/lobo/errfmt/format.go:36.29,38.3 1 1
github.com/alvii147/lobo/errfmt/format.go:40.2,42.15 2 1
github.com/alvii147/lobo/errfmt/format.go:48.42,52.25 4 1
github.com/alvii147/lobo/errfmt/format.go:52.25,54.3 1 1
github.com/alvii147/lobo/errfmt/format.go:56.2,56.16 1 1
github.com/alvii147/lobo/errfmt/format.go:56.16,58.3 1 1
github.com/alvii147/lobo/errfmt/format.go:60.2,60.49 1 1
github.com/alvii147/lobo/errfmt/format.go:66.58,70.18 4 1
github.com/alvii147/lobo/errfmt/format.go:70.18,72.3 1 1
github.com/alvii147/lobo/errfmt/format.go:74.2,74.16 1 1
github.com/alvii147/lobo/errfmt/format.go:74.16,76.3 1 1
github.com/alvii147/lobo/errfmt/format.go:78.2,78.42 1 1
github.com/alvii147/lobo/timekeeper/frozen.go:11.42,15.2 1 1
github.com/alvii147/lobo/timekeeper/frozen.go:18.49,20.2 1 1
github.com/alvii147/lobo/timekeeper/frozen.go:23.54,25.2 1 1
github.com/alvii147/lobo/timekeeper/frozen.go:28.54,30.2 1 1
github.com/alvii147/lobo/timekeeper/frozen.go:33.74,35.2 1 1
github.com/alvii147/lobo/timekeeper/system.go:9.42,11.2 1 1
github.com/alvii147/lobo/timekeeper/system.go:14.49,16.2 1 1
github.com/alvii147/lobo/flux/client.go:12.64,17.21 2 1
github.com/alvii147/lobo/flux/client.go:17.21,19.3 1 1
github.com/alvii147/lobo/flux/client.go:21.2,21.15 1 1
github.com/alvii147/lobo/flux/handler.go:9.68,11.2 1 1
github.com/alvii147/lobo/flux/headers.go:22.81,24.9 2 1
github.com/alvii147/lobo/flux/headers.go:24.9,26.3 1 1
github.com/alvii147/lobo/flux/headers.go:28.2,28.39 1 1
github.com/alvii147/lobo/flux/loggermiddleware.go:20.65,34.2 1 1
github.com/alvii147/lobo/flux/loggermiddleware.go:37.63,38.9 1 1
github.com/alvii147/lobo/flux/loggermiddleware.go:39.44,40.27 1 1
github.com/alvii147/lobo/flux/loggermiddleware.go:41.53,42.27 1 1
github.com/alvii147/lobo/flux/loggermiddleware.go:43.10,44.28 1 1
github.com/alvii147/lobo/flux/loggermiddleware.go:49.52,50.44 1 1
github.com/alvii147/lobo/flux/loggermiddleware.go:50.44,51.63 1 1
github.com/alvii147/lobo/flux/loggermiddleware.go:51.63,52.17 1 1
github.com/alvii147/lobo/flux/loggermiddleware.go:52.17,54.5 1 1
github.com/alvii147/lobo/flux/loggermiddleware.go:56.4,56.24 1 1
github.com/alvii147/lobo/flux/pagination.go:24.71,26.17 2 1
github.com/alvii147/lobo/flux/pagination.go:26.17,28.3 1 1
github.com/alvii147/lobo/flux/pagination.go:30.2,31.16 2 1
github.com/alvii147/lobo/flux/pagination.go:31.16,33.3 1 1
github.com/alvii147/lobo/flux/pagination.go:35.2,35.13 1 1
github.com/alvii147/lobo/flux/pagination.go:40.79,42.17 2 1
github.com/alvii147/lobo/flux/pagination.go:42.17,44.3 1 1
github.com/alvii147/lobo/flux/pagination.go:46.2,47.16 2 1
github.com/alvii147/lobo/flux/pagination.go:47.16,49.3 1 1
github.com/alvii147/lobo/flux/pagination.go:51.2,51.17 1 1
github.com/alvii147/lobo/flux/pagination.go:56.100,61.2 3 1
github.com/alvii147/lobo/flux/responsewriter.go:18.63,23.2 1 1
github.com/alvii147/lobo/flux/responsewriter.go:26.47,28.2 1 1
github.com/alvii147/lobo/flux/responsewriter.go:31.55,33.16 2 1
github.com/alvii147/lobo/flux/responsewriter.go:33.16,35.3 1 1
github.com/alvii147/lobo/flux/responsewriter.go:37.2,37.15 1 1
github.com/alvii147/lobo/flux/responsewriter.go:41.54,44.2 2 1
github.com/alvii147/lobo/flux/responsewriter.go:47.65,51.16 4 1
github.com/alvii147/lobo/flux/responsewriter.go:51.16,53.3 1 1
github.com/alvii147/lobo/flux/responsewriter.go:57.62,59.17 2 1
github.com/alvii147/lobo/flux/responsewriter.go:59.17,61.3 1 1
github.com/alvii147/lobo/flux/responsewriter.go:63.2,65.16 3 1
github.com/alvii147/lobo/flux/responsewriter.go:65.16,67.3 1 1
github.com/alvii147/lobo/flux/responsewritermiddleware.go:7.62,8.71 1 1
github.com/alvii147/lobo/flux/responsewritermiddleware.go:8.71,11.3 2 1
github.com/alvii147/lobo/flux/router.go:29.71,30.25 1 1
github.com/alvii147/lobo/flux/router.go:30.25,32.3 1 1
github.com/alvii147/lobo/flux/router.go:36.59,37.25 1 1
github.com/alvii147/lobo/flux/router.go:37.25,39.3 1 1
github.com/alvii147/lobo/flux/router.go:43.70,44.25 1 1
github.com/alvii147/lobo/flux/router.go:44.25,46.3 1 1
github.com/alvii147/lobo/flux/router.go:50.49,59.27 2 1
github.com/alvii147/lobo/flux/router.go:59.27,61.3 1 1
github.com/alvii147/lobo/flux/router.go:63.2,63.10 1 1
github.com/alvii147/lobo/flux/router.go:68.70,70.2 1 1
github.com/alvii147/lobo/flux/router.go:73.79,74.64 1 1
github.com/alvii147/lobo/flux/router.go:74.64,75.31 1 1
github.com/alvii147/lobo/flux/router.go:75.31,77.4 1 1
github.com/alvii147/lobo/flux/router.go:79.3,82.26 3 1
github.com/alvii147/lobo/flux/router.go:82.26,84.4 1 1
github.com/alvii147/lobo/flux/router.go:86.3,86.54 1 1
github.com/alvii147/lobo/flux/router.go:86.54,88.4 1 1
github.com/alvii147/lobo/flux/router.go:90.3,90.25 1 1
github.com/alvii147/lobo/flux/router.go:95.97,97.32 2 1
github.com/alvii147/lobo/flux/router.go:97.32,99.3 1 1
github.com/alvii147/lobo/flux/router.go:101.2,101.10 1 1
github.com/alvii147/lobo/flux/router.go:111.3,115.17 3 1
github.com/alvii147/lobo/flux/router.go:115.17,125.3 1 1
github.com/alvii147/lobo/flux/router.go:127.2,138.3 1 1
github.com/alvii147/lobo/flux/router.go:147.3,149.2 1 1
github.com/alvii147/lobo/flux/router.go:157.3,159.2 1 1
github.com/alvii147/lobo/flux/router.go:167.3,169.2 1 1
github.com/alvii147/lobo/flux/router.go:177.3,179.2 1 1
github.com/alvii147/lobo/flux/router.go:187.3,189.2 1 1
github.com/alvii147/lobo/flux/status.go:6.41,8.2 1 1
github.com/alvii147/lobo/enigma/crypto.go:55.11,60.2 1 1
github.com/alvii147/lobo/enigma/crypto.go:64.60,66.16 2 1
github.com/alvii147/lobo/enigma/crypto.go:66.16,68.3 1 0
github.com/alvii147/lobo/enigma/crypto.go:70.2,72.16 2 1
github.com/alvii147/lobo/enigma/crypto.go:76.64,78.16 2 1
github.com/alvii147/lobo/enigma/crypto.go:78.16,80.3 1 1
github.com/alvii147/lobo/enigma/crypto.go:81.2,83.28 2 1
github.com/alvii147/lobo/enigma/crypto.go:87.77,91.2 2 1
github.com/alvii147/lobo/enigma/crypto.go:94.105,96.16 2 1
github.com/alvii147/lobo/enigma/crypto.go:96.16,98.3 1 0
github.com/alvii147/lobo/enigma/crypto.go:100.2,111.16 3 1
github.com/alvii147/lobo/enigma/crypto.go:111.16,118.3 1 0
github.com/alvii147/lobo/enigma/crypto.go:120.2,120.25 1 1
github.com/alvii147/lobo/enigma/crypto.go:125.90,129.89 3 1
github.com/alvii147/lobo/enigma/crypto.go:129.89,131.3 1 1
github.com/alvii147/lobo/enigma/crypto.go:132.2,132.16 1 1
github.com/alvii147/lobo/enigma/crypto.go:132.16,134.3 1 1
github.com/alvii147/lobo/enigma/crypto.go:136.2,136.46 1 1
github.com/alvii147/lobo/enigma/crypto.go:136.46,138.3 1 1
github.com/alvii147/lobo/enigma/crypto.go:140.2,140.82 1 1
github.com/alvii147/lobo/enigma/crypto.go:140.82,142.3 1 1
github.com/alvii147/lobo/enigma/crypto.go:144.2,144.61 1 1
github.com/alvii147/lobo/enigma/crypto.go:144.61,146.3 1 1
github.com/alvii147/lobo/enigma/crypto.go:148.2,148.9 1 1
github.com/alvii147/lobo/enigma/crypto.go:148.9,150.3 1 1
github.com/alvii147/lobo/enigma/crypto.go:152.2,152.21 1 1
github.com/alvii147/lobo/enigma/crypto.go:156.65,158.16 2 1
github.com/alvii147/lobo/enigma/crypto.go:158.16,160.3 1 0
github.com/alvii147/lobo/enigma/crypto.go:162.2,164.16 3 1
github.com/alvii147/lobo/enigma/crypto.go:164.16,166.3 1 0
github.com/alvii147/lobo/enigma/crypto.go:168.2,173.16 4 1
github.com/alvii147/lobo/enigma/crypto.go:173.16,175.3 1 0
github.com/alvii147/lobo/enigma/crypto.go:177.2,177.39 1 1
github.com/alvii147/lobo/enigma/crypto.go:181.66,183.9 2 1
github.com/alvii147/lobo/enigma/crypto.go:183.9,185.3 1 1
github.com/alvii147/lobo/enigma/crypto.go:187.2,187.28 1 1
github.com/alvii147/lobo/jxon/optional.go:19.52,20.14 1 1
github.com/alvii147/lobo/jxon/optional.go:20.14,22.3 1 1
github.com/alvii147/lobo/jxon/optional.go:24.2,25.16 2 1
github.com/alvii147/lobo/jxon/optional.go:25.16,27.3 1 1
github.com/alvii147/lobo/jxon/optional.go:29.2,29.15 1 1
github.com/alvii147/lobo/jxon/optional.go:33.53,37.16 3 1
github.com/alvii147/lobo/jxon/optional.go:37.16,39.3 1 1
github.com/alvii147/lobo/jxon/optional.go:41.2,41.12 1 1
github.com/alvii147/lobo/jxon/timestamp.go:14.51,16.2 1 1
github.com/alvii147/lobo/jxon/timestamp.go:19.52,22.16 3 1
github.com/alvii147/lobo/jxon/timestamp.go:22.16,24.3 1 1
github.com/alvii147/lobo/jxon/timestamp.go:26.2,28.12 2 1
github.com/alvii147/lobo/testkit/testing.go:32.38,39.2 1 1
github.com/alvii147/lobo/testkit/testing.go:42.42,44.2 1 1
github.com/alvii147/lobo/testkit/testing.go:47.43,50.2 2 1
github.com/alvii147/lobo/testkit/testing.go:53.59,56.2 2 1
github.com/alvii147/lobo/testkit/testing.go:59.31,61.2 1 1
github.com/alvii147/lobo/testkit/testing.go:64.34,66.2 1 1
github.com/alvii147/lobo/testkit/testing.go:69.38,71.2 1 1
github.com/alvii147/lobo/testkit/testing.go:74.43,77.2 2 1
github.com/alvii147/lobo/testkit/testing.go:80.59,83.2 2 1
github.com/alvii147/lobo/testkit/testing.go:86.41,88.2 1 1
github.com/alvii147/lobo/testkit/testing.go:91.57,93.2 1 1
github.com/alvii147/lobo/testkit/testing.go:96.42,99.2 2 1
github.com/alvii147/lobo/testkit/testing.go:102.34,104.2 1 1
github.com/alvii147/lobo/testkit/testing.go:107.58,110.2 2 1
github.com/alvii147/lobo/testkit/testing.go:113.39,115.2 1 1
github.com/alvii147/lobo/envx/envx.go:16.40,20.42 3 1
github.com/alvii147/lobo/envx/envx.go:20.42,25.10 4 1
github.com/alvii147/lobo/envx/envx.go:25.10,26.12 1 1
github.com/alvii147/lobo/envx/envx.go:29.3,30.10 2 1
github.com/alvii147/lobo/envx/envx.go:30.10,32.4 1 0
github.com/alvii147/lobo/envx/envx.go:34.3,34.28 1 1
github.com/alvii147/lobo/envx/envx.go:35.21,37.18 2 1
github.com/alvii147/lobo/envx/envx.go:37.18,39.5 1 1
github.com/alvii147/lobo/envx/envx.go:41.4,41.26 1 1
github.com/alvii147/lobo/envx/envx.go:46.18,48.18 2 1
github.com/alvii147/lobo/envx/envx.go:48.18,50.5 1 1
github.com/alvii147/lobo/envx/envx.go:52.4,52.24 1 1
github.com/alvii147/lobo/envx/envx.go:58.20,60.18 2 1
github.com/alvii147/lobo/envx/envx.go:60.18,62.5 1 1
github.com/alvii147/lobo/envx/envx.go:64.4,64.25 1 1
github.com/alvii147/lobo/envx/envx.go:65.41,67.18 2 1
github.com/alvii147/lobo/envx/envx.go:67.18,69.5 1 1
github.com/alvii147/lobo/envx/envx.go:71.4,71.28 1 1
github.com/alvii147/lobo/envx/envx.go:72.23,73.29 1 1
github.com/alvii147/lobo/envx/envx.go:74.11,75.96 1 1
github.com/alvii147/lobo/envx/envx.go:79.2,79.12 1 1
github.com/alvii147/lobo/sanity/string.go:10.72,11.58 1 1
github.com/alvii147/lobo/sanity/string.go:11.58,13.3 1 1
github.com/alvii147/lobo/sanity/string.go:17.85,18.44 1 1
github.com/alvii147/lobo/sanity/string.go:18.44,20.3 1 1
github.com/alvii147/lobo/sanity/string.go:24.85,25.44 1 1
github.com/alvii147/lobo/sanity/string.go:25.44,27.3 1 1
github.com/alvii147/lobo/sanity/string.go:31.69,33.16 2 1
github.com/alvii147/lobo/sanity/string.go:33.16,35.3 1 1
github.com/alvii147/lobo/sanity/string.go:39.68,40.32 1 1
github.com/alvii147/lobo/sanity/string.go:40.32,42.3 1 1
github.com/alvii147/lobo/sanity/string.go:46.109,47.20 1 1
github.com/alvii147/lobo/sanity/string.go:47.20,49.3 1 1
github.com/alvii147/lobo/sanity/string.go:51.2,51.33 1 1
github.com/alvii147/lobo/sanity/string.go:51.33,52.21 1 1
github.com/alvii147/lobo/sanity/string.go:52.21,54.4 1 1
github.com/alvii147/lobo/sanity/string.go:56.3,56.22 1 1
github.com/alvii147/lobo/sanity/string.go:56.22,58.4 1 1
github.com/alvii147/lobo/sanity/string.go:61.2,61.89 1 1
github.com/alvii147/lobo/sanity/validate.go:17.32,21.2 1 1
github.com/alvii147/lobo/sanity/validate.go:24.75,26.2 1 1
github.com/alvii147/lobo/sanity/validate.go:29.52,31.2 1 1
github.com/alvii147/lobo/sanity/validate.go:34.35,36.2 1 1
github.com/alvii147/lobo/mailbox/consoleclient.go:21.100,27.2 1 1
github.com/alvii147/lobo/mailbox/consoleclient.go:36.9,46.16 2 1
github.com/alvii147/lobo/mailbox/consoleclient.go:46.16,48.3 1 1
github.com/alvii147/lobo/mailbox/consoleclient.go:50.2,52.12 2 1
github.com/alvii147/lobo/mailbox/inmemclient.go:29.86,35.2 1 1
github.com/alvii147/lobo/mailbox/inmemclient.go:44.9,54.16 2 1
github.com/alvii147/lobo/mailbox/inmemclient.go:54.16,56.3 1 1
github.com/alvii147/lobo/mailbox/inmemclient.go:58.2,69.12 2 1
github.com/alvii147/lobo/mailbox/mail.go:37.19,58.16 16 1
github.com/alvii147/lobo/mailbox/mail.go:58.16,60.3 1 1
github.com/alvii147/lobo/mailbox/mail.go:62.2,71.16 7 1
github.com/alvii147/lobo/mailbox/mail.go:71.16,73.3 1 1
github.com/alvii147/lobo/mailbox/mail.go:75.2,81.17 4 1
github.com/alvii147/lobo/mailbox/mail.go:85.52,87.16 2 1
github.com/alvii147/lobo/mailbox/mail.go:87.16,89.3 1 1
github.com/alvii147/lobo/mailbox/mail.go:91.2,93.23 3 1
github.com/alvii147/lobo/mailbox/mail.go:93.23,95.3 1 1
github.com/alvii147/lobo/mailbox/mail.go:97.2,100.16 3 1
github.com/alvii147/lobo/mailbox/mail.go:100.16,102.3 1 0
github.com/alvii147/lobo/mailbox/mail.go:104.2,108.35 4 1
github.com/alvii147/lobo/mailbox/mail.go:108.35,109.58 1 1
github.com/alvii147/lobo/mailbox/mail.go:109.58,111.4 1 1
github.com/alvii147/lobo/mailbox/mail.go:114.2,114.36 1 1
github.com/alvii147/lobo/mailbox/mail.go:114.36,116.3 1 1
github.com/alvii147/lobo/mailbox/mail.go:118.2,121.30 3 1
github.com/alvii147/lobo/mailbox/smtpclient.go:29.15,37.2 1 1
github.com/alvii147/lobo/mailbox/smtpclient.go:46.9,56.16 2 0
github.com/alvii147/lobo/mailbox/smtpclient.go:56.16,58.3 1 0
github.com/alvii147/lobo/mailbox/smtpclient.go:60.2,62.16 3 0
github.com/alvii147/lobo/mailbox/smtpclient.go:62.16,64.3 1 0
github.com/alvii147/lobo/mailbox/smtpclient.go:66.2,66.12 1 0
github.com/alvii147/lobo/isotope/auth.go:6.21,13.2 1 1
github.com/alvii147/lobo/isotope/auth.go:16.24,20.2 2 1
github.com/alvii147/lobo/isotope/int.go:13.32,15.2 1 1
github.com/alvii147/lobo/isotope/int.go:18.47,20.16 2 1
github.com/alvii147/lobo/isotope/int.go:20.16,22.3 1 0
github.com/alvii147/lobo/isotope/int.go:24.2,24.23 1 1
github.com/alvii147/lobo/isotope/string.go:25.10,27.21 2 1
github.com/alvii147/lobo/isotope/string.go:27.21,29.3 1 1
github.com/alvii147/lobo/isotope/string.go:31.2,32.21 2 1
github.com/alvii147/lobo/isotope/string.go:32.21,34.3 1 1
github.com/alvii147/lobo/isotope/string.go:36.2,37.18 2 1
github.com/alvii147/lobo/isotope/string.go:37.18,39.3 1 1
github.com/alvii147/lobo/isotope/string.go:41.2,44.27 3 1
github.com/alvii147/lobo/isotope/string.go:44.27,46.3 1 1
github.com/alvii147/lobo/isotope/string.go:48.2,50.19 2 1
github.com/alvii147/lobo/isotope/string.go:61.19,63.21 2 1
github.com/alvii147/lobo/isotope/string.go:63.21,65.3 1 1
github.com/alvii147/lobo/isotope/string.go:67.2,68.21 2 1
github.com/alvii147/lobo/isotope/string.go:68.21,70.3 1 1
github.com/alvii147/lobo/isotope/string.go:72.2,73.18 2 1
github.com/alvii147/lobo/isotope/string.go:73.18,75.3 1 1
github.com/alvii147/lobo/isotope/string.go:77.2,80.27 3 1
github.com/alvii147/lobo/isotope/string.go:80.27,82.17 2 1
github.com/alvii147/lobo/isotope/string.go:82.17,84.4 1 0
github.com/alvii147/lobo/isotope/string.go:86.3,86.28 1 1
github.com/alvii147/lobo/isotope/string.go:89.2,91.24 2 1
